This is XeTeX, Version 3.141592653-2.6-0.999998 (TeX Live 2026) (preloaded format=xelatex 2026.6.16)  13 SEP 2026 14:21
entering extended mode
 restricted \write18 enabled.
 file:line:error style messages enabled.
 %&-line parsing enabled.
**index.tex
(./index.tex
LaTeX2e <2025-11-01>
L3 programming layer <2026-01-19>
(/usr/local/texlive/2026/texmf-dist/tex/latex/base/book.cls
Document Class: book 2025/01/22 v1.4n Standard LaTeX document class
(/usr/local/texlive/2026/texmf-dist/tex/latex/base/bk12.clo
File: bk12.clo 2025/01/22 v1.4n Standard LaTeX file (size option)
)
\c@part=\count271
\c@chapter=\count272
\c@section=\count273
\c@subsection=\count274
\c@subsubsection=\count275
\c@paragraph=\count276
\c@subparagraph=\count277
\c@figure=\count278
\c@table=\count279
\abovecaptionskip=\skip49
\belowcaptionskip=\skip50
\bibindent=\dimen148
) (/usr/local/texlive/2026/texmf-dist/tex/latex/graphics/graphicx.sty
Package: graphicx 2024/12/31 v1.2e Enhanced LaTeX Graphics (DPC,SPQR)
 (/usr/local/texlive/2026/texmf-dist/tex/latex/graphics/keyval.sty
Package: keyval 2022/05/29 v1.15 key=value parser (DPC)
\KV@toks@=\toks17
) (/usr/local/texlive/2026/texmf-dist/tex/latex/graphics/graphics.sty
Package: graphics 2024/08/06 v1.4g Standard LaTeX Graphics (DPC,SPQR)
 (/usr/local/texlive/2026/texmf-dist/tex/latex/graphics/trig.sty
Package: trig 2023/12/02 v1.11 sin cos tan (DPC)
) (/usr/local/texlive/2026/texmf-dist/tex/latex/graphics-cfg/graphics.cfg
File: graphics.cfg 2016/06/04 v1.11 sample graphics configuration
)
Package graphics Info: Driver file: xetex.def on input line 106.
 (/usr/local/texlive/2026/texmf-dist/tex/latex/graphics-def/xetex.def
File: xetex.def 2025/11/01 v5.0p Graphics/color driver for xetex
))
\Gin@req@height=\dimen149
\Gin@req@width=\dimen150
) (/usr/local/texlive/2026/texmf-dist/tex/latex/fontspec/fontspec.sty (/usr/local/texlive/2026/texmf-dist/tex/latex/l3packages/xparse/xparse.sty (/usr/local/texlive/2026/texmf-dist/tex/latex/l3kernel/expl3.sty
Package: expl3 2026-01-19 L3 programming layer (loader) 
 (/usr/local/texlive/2026/texmf-dist/tex/latex/l3backend/l3backend-xetex.def
File: l3backend-xetex.def 2025-10-09 L3 backend support: XeTeX
\g__graphics_track_int=\count280
\g__pdfannot_backend_int=\count281
\g__pdfannot_backend_link_int=\count282
))
Package: xparse 2025-10-09 L3 Experimental document command parser
)
Package: fontspec 2025/09/29 v2.9g Font selection for XeLaTeX and LuaLaTeX
 (/usr/local/texlive/2026/texmf-dist/tex/latex/fontspec/fontspec-xetex.sty
Package: fontspec-xetex 2025/09/29 v2.9g Font selection for XeLaTeX and LuaLaTeX
\l__fontspec_script_int=\count283
\l__fontspec_language_int=\count284
\l__fontspec_strnum_int=\count285
\l__fontspec_tmp_int=\count286
\l__fontspec_tmpa_int=\count287
\l__fontspec_tmpb_int=\count288
\l__fontspec_tmpc_int=\count289
\l__fontspec_em_int=\count290
\l__fontspec_emdef_int=\count291
\l__fontspec_strong_int=\count292
\l__fontspec_strongdef_int=\count293
\l__fontspec_tmpa_dim=\dimen151
\l__fontspec_tmpb_dim=\dimen152
\l__fontspec_tmpc_dim=\dimen153
 (/usr/local/texlive/2026/texmf-dist/tex/latex/base/fontenc.sty
Package: fontenc 2025/07/18 v2.1d Standard LaTeX package
) (/usr/local/texlive/2026/texmf-dist/tex/latex/fontspec/fontspec.cfg))) (/usr/local/texlive/2026/texmf-dist/tex/latex/base/inputenc.sty
Package: inputenc 2024/02/08 v1.3d Input encoding file
\inpenc@prehook=\toks18
\inpenc@posthook=\toks19


Package inputenc Warning: inputenc package ignored with utf8 based engines.

) (/usr/local/texlive/2026/texmf-dist/tex/latex/geometry/geometry.sty
Package: geometry 2026/03/07 v6.0 Page Geometry
 (/usr/local/texlive/2026/texmf-dist/tex/generic/iftex/ifvtex.sty
Package: ifvtex 2019/10/25 v1.7 ifvtex legacy package. Use iftex instead.
 (/usr/local/texlive/2026/texmf-dist/tex/generic/iftex/iftex.sty
Package: iftex 2024/12/12 v1.0g TeX engine tests
))
\Gm@cnth=\count294
\Gm@cntv=\count295
\c@Gm@tempcnt=\count296
\Gm@bindingoffset=\dimen154
\Gm@wd@mp=\dimen155
\Gm@odd@mp=\dimen156
\Gm@even@mp=\dimen157
\Gm@layoutwidth=\dimen158
\Gm@layoutheight=\dimen159
\Gm@layouthoffset=\dimen160
\Gm@layoutvoffset=\dimen161
\Gm@dimlist=\toks20
)

Package fontspec Info: 
(fontspec)             Font family 'HelveticaNeue(0)' created for font
(fontspec)             'Helvetica Neue' with options [Ligatures=TeX].
(fontspec)              
(fontspec)              This font family consists of the following NFSS
(fontspec)             series/shapes:
(fontspec)              
(fontspec)             - 'normal' (m/n) with NFSS spec.: <->"Helvetica
(fontspec)             Neue/AAT:mapping=tex-text;"
(fontspec)             - 'bold' (b/n) with NFSS spec.: <->"Helvetica
(fontspec)             Neue/B/AAT:mapping=tex-text;"
(fontspec)             - 'italic' (m/it) with NFSS spec.: <->"Helvetica
(fontspec)             Neue/I/AAT:mapping=tex-text;"
(fontspec)             - 'bold italic' (b/it) with NFSS spec.: <->"Helvetica
(fontspec)             Neue/BI/AAT:mapping=tex-text;"

 (/usr/local/texlive/2026/texmf-dist/tex/latex/hyperref/hyperref.sty
Package: hyperref 2026-01-29 v7.01p Hypertext links for LaTeX
 (/usr/local/texlive/2026/texmf-dist/tex/latex/kvsetkeys/kvsetkeys.sty
Package: kvsetkeys 2022-10-05 v1.19 Key value parser (HO)
) (/usr/local/texlive/2026/texmf-dist/tex/generic/kvdefinekeys/kvdefinekeys.sty
Package: kvdefinekeys 2019-12-19 v1.6 Define keys (HO)
) (/usr/local/texlive/2026/texmf-dist/tex/generic/pdfescape/pdfescape.sty
Package: pdfescape 2019/12/09 v1.15 Implements pdfTeX's escape features (HO)
 (/usr/local/texlive/2026/texmf-dist/tex/generic/ltxcmds/ltxcmds.sty
Package: ltxcmds 2023-12-04 v1.26 LaTeX kernel commands for general use (HO)
) (/usr/local/texlive/2026/texmf-dist/tex/generic/pdftexcmds/pdftexcmds.sty
Package: pdftexcmds 2020-06-27 v0.33 Utility functions of pdfTeX for LuaTeX (HO)
 (/usr/local/texlive/2026/texmf-dist/tex/generic/infwarerr/infwarerr.sty
Package: infwarerr 2019/12/03 v1.5 Providing info/warning/error messages (HO)
)
Package pdftexcmds Info: \pdf@primitive is available.
Package pdftexcmds Info: \pdf@ifprimitive is available.
Package pdftexcmds Info: \pdfdraftmode not found.
)) (/usr/local/texlive/2026/texmf-dist/tex/latex/hycolor/hycolor.sty
Package: hycolor 2020-01-27 v1.10 Color options for hyperref/bookmark (HO)
) (/usr/local/texlive/2026/texmf-dist/tex/latex/hyperref/nameref.sty
Package: nameref 2026-01-29 v2.58 Cross-referencing by name of section
 (/usr/local/texlive/2026/texmf-dist/tex/latex/refcount/refcount.sty
Package: refcount 2019/12/15 v3.6 Data extraction from label references (HO)
) (/usr/local/texlive/2026/texmf-dist/tex/generic/gettitlestring/gettitlestring.sty
Package: gettitlestring 2019/12/15 v1.6 Cleanup title references (HO)
 (/usr/local/texlive/2026/texmf-dist/tex/latex/kvoptions/kvoptions.sty
Package: kvoptions 2022-06-15 v3.15 Key value format for package options (HO)
))
\c@section@level=\count297
) (/usr/local/texlive/2026/texmf-dist/tex/latex/etoolbox/etoolbox.sty
Package: etoolbox 2025/10/02 v2.5m e-TeX tools for LaTeX (JAW)
\etb@tempcnta=\count298
) (/usr/local/texlive/2026/texmf-dist/tex/generic/stringenc/stringenc.sty
Package: stringenc 2019/11/29 v1.12 Convert strings between diff. encodings (HO)
)
\@linkdim=\dimen162
\Hy@linkcounter=\count299
\Hy@pagecounter=\count300
 (/usr/local/texlive/2026/texmf-dist/tex/latex/hyperref/pd1enc.def
File: pd1enc.def 2026-01-29 v7.01p Hyperref: PDFDocEncoding definition (HO)
) (/usr/local/texlive/2026/texmf-dist/tex/generic/intcalc/intcalc.sty
Package: intcalc 2019/12/15 v1.3 Expandable calculations with integers (HO)
)
\Hy@SavedSpaceFactor=\count301
 (/usr/local/texlive/2026/texmf-dist/tex/latex/hyperref/puenc.def
File: puenc.def 2026-01-29 v7.01p Hyperref: PDF Unicode definition (HO)
)
Package hyperref Info: Hyper figures OFF on input line 4201.
Package hyperref Info: Link nesting OFF on input line 4206.
Package hyperref Info: Hyper index ON on input line 4209.
Package hyperref Info: Plain pages OFF on input line 4216.
Package hyperref Info: Backreferencing OFF on input line 4221.
Package hyperref Info: Implicit mode ON; LaTeX internals redefined.
Package hyperref Info: Bookmarks ON on input line 4468.
\c@Hy@tempcnt=\count302
 (/usr/local/texlive/2026/texmf-dist/tex/latex/url/url.sty
\Urlmuskip=\muskip17
Package: url 2013/09/16  ver 3.4  Verb mode for urls, etc.
)
LaTeX Info: Redefining \url on input line 4807.
\XeTeXLinkMargin=\dimen163
 (/usr/local/texlive/2026/texmf-dist/tex/generic/bitset/bitset.sty
Package: bitset 2019/12/09 v1.3 Handle bit-vector datatype (HO)
 (/usr/local/texlive/2026/texmf-dist/tex/generic/bigintcalc/bigintcalc.sty
Package: bigintcalc 2019/12/15 v1.5 Expandable calculations on big integers (HO)
))
\Fld@menulength=\count303
\Field@Width=\dimen164
\Fld@charsize=\dimen165
Package hyperref Info: Hyper figures OFF on input line 6084.
Package hyperref Info: Link nesting OFF on input line 6089.
Package hyperref Info: Hyper index ON on input line 6092.
Package hyperref Info: backreferencing OFF on input line 6099.
Package hyperref Info: Link coloring OFF on input line 6104.
Package hyperref Info: Link coloring with OCG OFF on input line 6109.
Package hyperref Info: PDF/A mode OFF on input line 6114.
\Hy@abspage=\count304
\c@Item=\count305
\c@Hfootnote=\count306
)
Package hyperref Info: Driver (autodetected): hxetex.
 (/usr/local/texlive/2026/texmf-dist/tex/latex/hyperref/hxetex.def
File: hxetex.def 2026-01-29 v7.01p Hyperref driver for XeTeX
\pdfm@box=\box53
\c@Hy@AnnotLevel=\count307
\HyField@AnnotCount=\count308
\Fld@listcount=\count309
\c@bookmark@seq@number=\count310
 (/usr/local/texlive/2026/texmf-dist/tex/latex/rerunfilecheck/rerunfilecheck.sty
Package: rerunfilecheck 2025-06-21 v1.11 Rerun checks for auxiliary files (HO)
 (/usr/local/texlive/2026/texmf-dist/tex/generic/uniquecounter/uniquecounter.sty
Package: uniquecounter 2019/12/15 v1.4 Provide unlimited unique counter (HO)
)
Package uniquecounter Info: New unique counter `rerunfilecheck' on input line 284.
)
\Hy@SectionHShift=\skip51
) (/Users/chongran/Chongran-Zhao.github.io/notes/ENGN2210-01/.texpadtmp/index.aux)
\openout1 = `index.aux'.

LaTeX Font Info:    Checking defaults for OML/cmm/m/it on input line 14.
LaTeX Font Info:    ... okay on input line 14.
LaTeX Font Info:    Checking defaults for OMS/cmsy/m/n on input line 14.
LaTeX Font Info:    ... okay on input line 14.
LaTeX Font Info:    Checking defaults for OT1/cmr/m/n on input line 14.
LaTeX Font Info:    ... okay on input line 14.
LaTeX Font Info:    Checking defaults for T1/cmr/m/n on input line 14.
LaTeX Font Info:    ... okay on input line 14.
LaTeX Font Info:    Checking defaults for TS1/cmr/m/n on input line 14.
LaTeX Font Info:    ... okay on input line 14.
LaTeX Font Info:    Checking defaults for TU/lmr/m/n on input line 14.
LaTeX Font Info:    ... okay on input line 14.
LaTeX Font Info:    Checking defaults for OMX/cmex/m/n on input line 14.
LaTeX Font Info:    ... okay on input line 14.
LaTeX Font Info:    Checking defaults for U/cmr/m/n on input line 14.
LaTeX Font Info:    ... okay on input line 14.
LaTeX Font Info:    Checking defaults for PD1/pdf/m/n on input line 14.
LaTeX Font Info:    ... okay on input line 14.
LaTeX Font Info:    Checking defaults for PU/pdf/m/n on input line 14.
LaTeX Font Info:    ... okay on input line 14.

Package fontspec Info: 
(fontspec)             Adjusting the maths setup (use [no-math] to avoid
(fontspec)             this).

\symlegacymaths=\mathgroup4
LaTeX Font Info:    Overwriting symbol font `legacymaths' in version `bold'
(Font)                  OT1/cmr/m/n --> OT1/cmr/bx/n on input line 14.
LaTeX Font Info:    Redeclaring math accent \acute on input line 14.
LaTeX Font Info:    Redeclaring math accent \grave on input line 14.
LaTeX Font Info:    Redeclaring math accent \ddot on input line 14.
LaTeX Font Info:    Redeclaring math accent \tilde on input line 14.
LaTeX Font Info:    Redeclaring math accent \bar on input line 14.
LaTeX Font Info:    Redeclaring math accent \breve on input line 14.
LaTeX Font Info:    Redeclaring math accent \check on input line 14.
LaTeX Font Info:    Redeclaring math accent \hat on input line 14.
LaTeX Font Info:    Redeclaring math accent \dot on input line 14.
LaTeX Font Info:    Redeclaring math accent \mathring on input line 14.
LaTeX Font Info:    Redeclaring math symbol \colon on input line 14.
LaTeX Font Info:    Redeclaring math symbol \Gamma on input line 14.
LaTeX Font Info:    Redeclaring math symbol \Delta on input line 14.
LaTeX Font Info:    Redeclaring math symbol \Theta on input line 14.
LaTeX Font Info:    Redeclaring math symbol \Lambda on input line 14.
LaTeX Font Info:    Redeclaring math symbol \Xi on input line 14.
LaTeX Font Info:    Redeclaring math symbol \Pi on input line 14.
LaTeX Font Info:    Redeclaring math symbol \Sigma on input line 14.
LaTeX Font Info:    Redeclaring math symbol \Upsilon on input line 14.
LaTeX Font Info:    Redeclaring math symbol \Phi on input line 14.
LaTeX Font Info:    Redeclaring math symbol \Psi on input line 14.
LaTeX Font Info:    Redeclaring math symbol \Omega on input line 14.
LaTeX Font Info:    Redeclaring math symbol \mathdollar on input line 14.
LaTeX Font Info:    Redeclaring symbol font `operators' on input line 14.
LaTeX Font Info:    Encoding `OT1' has changed to `TU' for symbol font
(Font)              `operators' in the math version `normal' on input line 14.
LaTeX Font Info:    Overwriting symbol font `operators' in version `normal'
(Font)                  OT1/cmr/m/n --> TU/HelveticaNeue(0)/m/n on input line 14.
LaTeX Font Info:    Encoding `OT1' has changed to `TU' for symbol font
(Font)              `operators' in the math version `bold' on input line 14.
LaTeX Font Info:    Overwriting symbol font `operators' in version `bold'
(Font)                  OT1/cmr/bx/n --> TU/HelveticaNeue(0)/m/n on input line 14.
LaTeX Font Info:    Overwriting symbol font `operators' in version `normal'
(Font)                  TU/HelveticaNeue(0)/m/n --> TU/HelveticaNeue(0)/m/n on input line 14.
LaTeX Font Info:    Overwriting math alphabet `\mathit' in version `normal'
(Font)                  OT1/cmr/m/it --> TU/HelveticaNeue(0)/m/it on input line 14.
LaTeX Font Info:    Overwriting math alphabet `\mathbf' in version `normal'
(Font)                  OT1/cmr/bx/n --> TU/HelveticaNeue(0)/b/n on input line 14.
LaTeX Font Info:    Overwriting math alphabet `\mathsf' in version `normal'
(Font)                  OT1/cmss/m/n --> TU/lmss/m/n on input line 14.
LaTeX Font Info:    Overwriting math alphabet `\mathtt' in version `normal'
(Font)                  OT1/cmtt/m/n --> TU/lmtt/m/n on input line 14.
LaTeX Font Info:    Overwriting symbol font `operators' in version `bold'
(Font)                  TU/HelveticaNeue(0)/m/n --> TU/HelveticaNeue(0)/b/n on input line 14.
LaTeX Font Info:    Overwriting math alphabet `\mathit' in version `bold'
(Font)                  OT1/cmr/bx/it --> TU/HelveticaNeue(0)/b/it on input line 14.
LaTeX Font Info:    Overwriting math alphabet `\mathsf' in version `bold'
(Font)                  OT1/cmss/bx/n --> TU/lmss/b/n on input line 14.
LaTeX Font Info:    Overwriting math alphabet `\mathtt' in version `bold'
(Font)                  OT1/cmtt/m/n --> TU/lmtt/b/n on input line 14.

*geometry* driver: auto-detecting
*geometry* detected driver: xetex
*geometry* verbose mode - [ preamble ] result:
* driver: xetex
* paper: a4paper
* layout: <same size as paper>
* layoutoffset:(h,v)=(0.0pt,0.0pt)
* modes: twoside 
* h-part:(L,W,R)=(36.135pt, 525.23788pt, 36.135pt)
* v-part:(T,H,B)=(21.68121pt, 801.68442pt, 21.68121pt)
* \paperwidth=597.50787pt
* \paperheight=845.04684pt
* \textwidth=525.23788pt
* \textheight=801.68442pt
* \oddsidemargin=-36.135pt
* \evensidemargin=-36.135pt
* \topmargin=-82.46257pt
* \headheight=12.0pt
* \headsep=19.8738pt
* \topskip=12.0pt
* \footskip=30.0pt
* \marginparwidth=98.0pt
* \marginparsep=7.0pt
* \columnsep=10.0pt
* \skip\footins=10.8pt plus 4.0pt minus 2.0pt
* \hoffset=0.0pt
* \voffset=0.0pt
* \mag=1000
* \@twocolumnfalse
* \@twosidetrue
* \@mparswitchtrue
* \@reversemarginfalse
* (1in=72.27pt=25.4mm, 1cm=28.453pt)

Package hyperref Info: Link coloring OFF on input line 14.
(/Users/chongran/Chongran-Zhao.github.io/notes/ENGN2210-01/.texpadtmp/index.out) (/Users/chongran/Chongran-Zhao.github.io/notes/ENGN2210-01/.texpadtmp/index.out)
\@outlinefile=\write3
\openout3 = `index.out'.


Missing character: There is no 写 (U+5199) in font Helvetica Neue/AAT:mapping=tex-text;!
Missing character: There is no 作 (U+4F5C) in font Helvetica Neue/AAT:mapping=tex-text;!
Missing character: There is no 示 (U+793A) in font Helvetica Neue/AAT:mapping=tex-text;!
Missing character: There is no 例 (U+4F8B) in font Helvetica Neue/AAT:mapping=tex-text;!
Missing character: There is no 用 (U+7528) in font Helvetica Neue/AAT:mapping=tex-text;!
Missing character: There is no 于 (U+4E8E) in font Helvetica Neue/AAT:mapping=tex-text;!
Missing character: There is no 本 (U+672C) in font Helvetica Neue/AAT:mapping=tex-text;!
Missing character: There is no 地 (U+5730) in font Helvetica Neue/AAT:mapping=tex-text;!
Missing character: There is no 检 (U+68C0) in font Helvetica Neue/AAT:mapping=tex-text;!
Missing character: There is no 查 (U+67E5) in font Helvetica Neue/AAT:mapping=tex-text;!
Missing character: There is no 公 (U+516C) in font Helvetica Neue/AAT:mapping=tex-text;!
Missing character: There is no 式 (U+5F0F) in font Helvetica Neue/AAT:mapping=tex-text;!
Missing character: There is no 、 (U+3001) in font Helvetica Neue/AAT:mapping=tex-text;!
Missing character: There is no 代 (U+4EE3) in font Helvetica Neue/AAT:mapping=tex-text;!
Missing character: There is no 码 (U+7801) in font Helvetica Neue/AAT:mapping=tex-text;!
Missing character: There is no 、 (U+3001) in font Helvetica Neue/AAT:mapping=tex-text;!
Missing character: There is no 图 (U+56FE) in font Helvetica Neue/AAT:mapping=tex-text;!
Missing character: There is no 片 (U+7247) in font Helvetica Neue/AAT:mapping=tex-text;!
Missing character: There is no 与 (U+4E0E) in font Helvetica Neue/AAT:mapping=tex-text;!
Missing character: There is no 目 (U+76EE) in font Helvetica Neue/AAT:mapping=tex-text;!
Missing character: There is no 录 (U+5F55) in font Helvetica Neue/AAT:mapping=tex-text;!
Missing character: There is no 的 (U+7684) in font Helvetica Neue/AAT:mapping=tex-text;!
Missing character: There is no 示 (U+793A) in font Helvetica Neue/AAT:mapping=tex-text;!
Missing character: There is no 例 (U+4F8B) in font Helvetica Neue/AAT:mapping=tex-text;!
Missing character: There is no ， (U+FF0C) in font Helvetica Neue/AAT:mapping=tex-text;!
Missing character: There is no 不 (U+4E0D) in font Helvetica Neue/AAT:mapping=tex-text;!
Missing character: There is no 会 (U+4F1A) in font Helvetica Neue/AAT:mapping=tex-text;!
Missing character: There is no 发 (U+53D1) in font Helvetica Neue/AAT:mapping=tex-text;!
Missing character: There is no 布 (U+5E03) in font Helvetica Neue/AAT:mapping=tex-text;!
Missing character: There is no 到 (U+5230) in font Helvetica Neue/AAT:mapping=tex-text;!
Missing character: There is no 网 (U+7F51) in font Helvetica Neue/AAT:mapping=tex-text;!
Missing character: There is no 站 (U+7AD9) in font Helvetica Neue/AAT:mapping=tex-text;!
Missing character: There is no 。 (U+3002) in font Helvetica Neue/AAT:mapping=tex-text;!

Overfull \hbox (167.93277pt too wide) in paragraph at lines 17--22
[]\TU/HelveticaNeue(0)/m/n/12 title: Markdown 写作示例 date: ’2026-09-13’ description: 用于本地检查公式、代码、图片与目录的示例，不会发布到网站。
 []

Missing character: There is no 这 (U+8FD9) in font Helvetica Neue/AAT:mapping=tex-text;!
Missing character: There is no 是 (U+662F) in font Helvetica Neue/AAT:mapping=tex-text;!
Missing character: There is no 一 (U+4E00) in font Helvetica Neue/AAT:mapping=tex-text;!
Missing character: There is no 篇 (U+7BC7) in font Helvetica Neue/AAT:mapping=tex-text;!
Missing character: There is no 格 (U+683C) in font Helvetica Neue Bold/AAT:mapping=tex-text;!
Missing character: There is no 式 (U+5F0F) in font Helvetica Neue Bold/AAT:mapping=tex-text;!
Missing character: There is no 示 (U+793A) in font Helvetica Neue Bold/AAT:mapping=tex-text;!
Missing character: There is no 例 (U+4F8B) in font Helvetica Neue Bold/AAT:mapping=tex-text;!
Missing character: There is no 草 (U+8349) in font Helvetica Neue Bold/AAT:mapping=tex-text;!
Missing character: There is no 稿 (U+7A3F) in font Helvetica Neue Bold/AAT:mapping=tex-text;!
Missing character: There is no ， (U+FF0C) in font Helvetica Neue/AAT:mapping=tex-text;!
Missing character: There is no 不 (U+4E0D) in font Helvetica Neue/AAT:mapping=tex-text;!
Missing character: There is no 是 (U+662F) in font Helvetica Neue/AAT:mapping=tex-text;!
Missing character: There is no 正 (U+6B63) in font Helvetica Neue/AAT:mapping=tex-text;!
Missing character: There is no 式 (U+5F0F) in font Helvetica Neue/AAT:mapping=tex-text;!
Missing character: There is no 笔 (U+7B14) in font Helvetica Neue/AAT:mapping=tex-text;!
Missing character: There is no 记 (U+8BB0) in font Helvetica Neue/AAT:mapping=tex-text;!
Missing character: There is no 。 (U+3002) in font Helvetica Neue/AAT:mapping=tex-text;!
Missing character: There is no 你 (U+4F60) in font Helvetica Neue/AAT:mapping=tex-text;!
Missing character: There is no 可 (U+53EF) in font Helvetica Neue/AAT:mapping=tex-text;!
Missing character: There is no 以 (U+4EE5) in font Helvetica Neue/AAT:mapping=tex-text;!
Missing character: There is no 用 (U+7528) in font Helvetica Neue/AAT:mapping=tex-text;!
Missing character: There is no 或 (U+6216) in font Helvetica Neue/AAT:mapping=tex-text;!
Missing character: There is no 打 (U+6253) in font Helvetica Neue/AAT:mapping=tex-text;!
Missing character: There is no 开 (U+5F00) in font Helvetica Neue/AAT:mapping=tex-text;!
Missing character: There is no 这 (U+8FD9) in font Helvetica Neue/AAT:mapping=tex-text;!
Missing character: There is no 个 (U+4E2A) in font Helvetica Neue/AAT:mapping=tex-text;!
Missing character: There is no 文 (U+6587) in font Helvetica Neue/AAT:mapping=tex-text;!
Missing character: There is no 件 (U+4EF6) in font Helvetica Neue/AAT:mapping=tex-text;!
Missing character: There is no ， (U+FF0C) in font Helvetica Neue/AAT:mapping=tex-text;!
Missing character: There is no 直 (U+76F4) in font Helvetica Neue/AAT:mapping=tex-text;!
Missing character: There is no 接 (U+63A5) in font Helvetica Neue/AAT:mapping=tex-text;!
Missing character: There is no 编 (U+7F16) in font Helvetica Neue/AAT:mapping=tex-text;!
Missing character: There is no 辑 (U+8F91) in font Helvetica Neue/AAT:mapping=tex-text;!
Missing character: There is no 并 (U+5E76) in font Helvetica Neue/AAT:mapping=tex-text;!
Missing character: There is no 预 (U+9884) in font Helvetica Neue/AAT:mapping=tex-text;!
Missing character: There is no 览 (U+89C8) in font Helvetica Neue/AAT:mapping=tex-text;!
Missing character: There is no 。 (U+3002) in font Helvetica Neue/AAT:mapping=tex-text;!

Overfull \hbox (69.09865pt too wide) in paragraph at lines 25--26
\TU/HelveticaNeue(0)/m/n/12 这是一篇\TU/HelveticaNeue(0)/b/n/12 格式示例草稿\TU/HelveticaNeue(0)/m/n/12 ，不是正式笔记。你可以用 Typora 或 Obsidian 打开这个文件，直接编辑并预览。 
 []

Missing character: There is no 公 (U+516C) in font Helvetica Neue Bold/AAT:mapping=tex-text;!
Missing character: There is no 式 (U+5F0F) in font Helvetica Neue Bold/AAT:mapping=tex-text;!
Missing character: There is no 行 (U+884C) in font Helvetica Neue/AAT:mapping=tex-text;!
Missing character: There is no 内 (U+5185) in font Helvetica Neue/AAT:mapping=tex-text;!
Missing character: There is no 公 (U+516C) in font Helvetica Neue/AAT:mapping=tex-text;!
Missing character: There is no 式 (U+5F0F) in font Helvetica Neue/AAT:mapping=tex-text;!
Missing character: There is no ： (U+FF1A) in font Helvetica Neue/AAT:mapping=tex-text;!
Missing character: There is no 应 (U+5E94) in font Helvetica Neue/AAT:mapping=tex-text;!
Missing character: There is no 变 (U+53D8) in font Helvetica Neue/AAT:mapping=tex-text;!
Missing character: There is no 能 (U+80FD) in font Helvetica Neue/AAT:mapping=tex-text;!
Missing character: There is no 密 (U+5BC6) in font Helvetica Neue/AAT:mapping=tex-text;!
Missing character: There is no 度 (U+5EA6) in font Helvetica Neue/AAT:mapping=tex-text;!
Missing character: There is no 记 (U+8BB0) in font Helvetica Neue/AAT:mapping=tex-text;!
Missing character: There is no 作 (U+4F5C) in font Helvetica Neue/AAT:mapping=tex-text;!
Missing character: There is no ， (U+FF0C) in font Helvetica Neue/AAT:mapping=tex-text;!
Missing character: There is no 其 (U+5176) in font Helvetica Neue/AAT:mapping=tex-text;!
Missing character: There is no 中 (U+4E2D) in font Helvetica Neue/AAT:mapping=tex-text;!
Missing character: There is no 是 (U+662F) in font Helvetica Neue/AAT:mapping=tex-text;!
Missing character: There is no 变 (U+53D8) in font Helvetica Neue/AAT:mapping=tex-text;!
Missing character: There is no 形 (U+5F62) in font Helvetica Neue/AAT:mapping=tex-text;!
Missing character: There is no 梯 (U+68AF) in font Helvetica Neue/AAT:mapping=tex-text;!
Missing character: There is no 度 (U+5EA6) in font Helvetica Neue/AAT:mapping=tex-text;!
Missing character: There is no 。 (U+3002) in font Helvetica Neue/AAT:mapping=tex-text;!
Missing character: There is no 独 (U+72EC) in font Helvetica Neue/AAT:mapping=tex-text;!
Missing character: There is no 立 (U+7ACB) in font Helvetica Neue/AAT:mapping=tex-text;!
Missing character: There is no 公 (U+516C) in font Helvetica Neue/AAT:mapping=tex-text;!
Missing character: There is no 式 (U+5F0F) in font Helvetica Neue/AAT:mapping=tex-text;!
Missing character: There is no ： (U+FF1A) in font Helvetica Neue/AAT:mapping=tex-text;!
Missing character: There is no 推 (U+63A8) in font Helvetica Neue Bold/AAT:mapping=tex-text;!
Missing character: There is no 导 (U+5BFC) in font Helvetica Neue Bold/AAT:mapping=tex-text;!
Missing character: There is no 与 (U+4E0E) in font Helvetica Neue Bold/AAT:mapping=tex-text;!
Missing character: There is no 说 (U+8BF4) in font Helvetica Neue Bold/AAT:mapping=tex-text;!
Missing character: There is no 明 (U+660E) in font Helvetica Neue Bold/AAT:mapping=tex-text;!
Missing character: There is no 用 (U+7528) in font Helvetica Neue/AAT:mapping=tex-text;!
Missing character: There is no 二 (U+4E8C) in font Helvetica Neue/AAT:mapping=tex-text;!
Missing character: There is no 级 (U+7EA7) in font Helvetica Neue/AAT:mapping=tex-text;!
Missing character: There is no 和 (U+548C) in font Helvetica Neue/AAT:mapping=tex-text;!
Missing character: There is no 三 (U+4E09) in font Helvetica Neue/AAT:mapping=tex-text;!
Missing character: There is no 级 (U+7EA7) in font Helvetica Neue/AAT:mapping=tex-text;!
Missing character: There is no 标 (U+6807) in font Helvetica Neue/AAT:mapping=tex-text;!
Missing character: There is no 题 (U+9898) in font Helvetica Neue/AAT:mapping=tex-text;!
Missing character: There is no 组 (U+7EC4) in font Helvetica Neue/AAT:mapping=tex-text;!
Missing character: There is no 织 (U+7EC7) in font Helvetica Neue/AAT:mapping=tex-text;!
Missing character: There is no 内 (U+5185) in font Helvetica Neue/AAT:mapping=tex-text;!
Missing character: There is no 容 (U+5BB9) in font Helvetica Neue/AAT:mapping=tex-text;!
Missing character: There is no ， (U+FF0C) in font Helvetica Neue/AAT:mapping=tex-text;!
Missing character: There is no 右 (U+53F3) in font Helvetica Neue/AAT:mapping=tex-text;!
Missing character: There is no 侧 (U+4FA7) in font Helvetica Neue/AAT:mapping=tex-text;!
Missing character: There is no 目 (U+76EE) in font Helvetica Neue/AAT:mapping=tex-text;!
Missing character: There is no 录 (U+5F55) in font Helvetica Neue/AAT:mapping=tex-text;!
Missing character: There is no 会 (U+4F1A) in font Helvetica Neue/AAT:mapping=tex-text;!
Missing character: There is no 自 (U+81EA) in font Helvetica Neue/AAT:mapping=tex-text;!
Missing character: There is no 动 (U+52A8) in font Helvetica Neue/AAT:mapping=tex-text;!
Missing character: There is no 生 (U+751F) in font Helvetica Neue/AAT:mapping=tex-text;!
Missing character: There is no 成 (U+6210) in font Helvetica Neue/AAT:mapping=tex-text;!
Missing character: There is no 。 (U+3002) in font Helvetica Neue/AAT:mapping=tex-text;!
Missing character: There is no 正 (U+6B63) in font Helvetica Neue/AAT:mapping=tex-text;!
Missing character: There is no 文 (U+6587) in font Helvetica Neue/AAT:mapping=tex-text;!
Missing character: There is no 可 (U+53EF) in font Helvetica Neue/AAT:mapping=tex-text;!
Missing character: There is no 混 (U+6DF7) in font Helvetica Neue/AAT:mapping=tex-text;!
Missing character: There is no 合 (U+5408) in font Helvetica Neue/AAT:mapping=tex-text;!
Missing character: There is no 中 (U+4E2D) in font Helvetica Neue/AAT:mapping=tex-text;!
Missing character: There is no 文 (U+6587) in font Helvetica Neue/AAT:mapping=tex-text;!
Missing character: There is no 与 (U+4E0E) in font Helvetica Neue/AAT:mapping=tex-text;!
Missing character: There is no 。 (U+3002) in font Helvetica Neue/AAT:mapping=tex-text;!
Missing character: There is no 代 (U+4EE3) in font Helvetica Neue Bold/AAT:mapping=tex-text;!
Missing character: There is no 码 (U+7801) in font Helvetica Neue Bold/AAT:mapping=tex-text;!
Missing character: There is no 图 (U+56FE) in font Helvetica Neue Bold/AAT:mapping=tex-text;!
Missing character: There is no 片 (U+7247) in font Helvetica Neue Bold/AAT:mapping=tex-text;!
Missing character: There is no 图 (U+56FE) in font Helvetica Neue/AAT:mapping=tex-text;!
Missing character: There is no 片 (U+7247) in font Helvetica Neue/AAT:mapping=tex-text;!
Missing character: There is no 和 (U+548C) in font Helvetica Neue/AAT:mapping=tex-text;!
Missing character: There is no 正 (U+6B63) in font Helvetica Neue/AAT:mapping=tex-text;!
Missing character: There is no 文 (U+6587) in font Helvetica Neue/AAT:mapping=tex-text;!
Missing character: There is no 放 (U+653E) in font Helvetica Neue/AAT:mapping=tex-text;!
Missing character: There is no 在 (U+5728) in font Helvetica Neue/AAT:mapping=tex-text;!
Missing character: There is no 同 (U+540C) in font Helvetica Neue/AAT:mapping=tex-text;!
Missing character: There is no 一 (U+4E00) in font Helvetica Neue/AAT:mapping=tex-text;!
Missing character: There is no 个 (U+4E2A) in font Helvetica Neue/AAT:mapping=tex-text;!
Missing character: There is no 文 (U+6587) in font Helvetica Neue/AAT:mapping=tex-text;!
Missing character: There is no 件 (U+4EF6) in font Helvetica Neue/AAT:mapping=tex-text;!
Missing character: There is no 夹 (U+5939) in font Helvetica Neue/AAT:mapping=tex-text;!
Missing character: There is no ， (U+FF0C) in font Helvetica Neue/AAT:mapping=tex-text;!
Missing character: There is no 使 (U+4F7F) in font Helvetica Neue/AAT:mapping=tex-text;!
Missing character: There is no 用 (U+7528) in font Helvetica Neue/AAT:mapping=tex-text;!
Missing character: There is no 相 (U+76F8) in font Helvetica Neue/AAT:mapping=tex-text;!
Missing character: There is no 对 (U+5BF9) in font Helvetica Neue/AAT:mapping=tex-text;!
Missing character: There is no 路 (U+8DEF) in font Helvetica Neue/AAT:mapping=tex-text;!
Missing character: There is no 径 (U+5F84) in font Helvetica Neue/AAT:mapping=tex-text;!
Missing character: There is no 。 (U+3002) in font Helvetica Neue/AAT:mapping=tex-text;!
Missing character: There is no 这 (U+8FD9) in font Helvetica Neue/AAT:mapping=tex-text;!
Missing character: There is no 张 (U+5F20) in font Helvetica Neue/AAT:mapping=tex-text;!
Missing character: There is no 示 (U+793A) in font Helvetica Neue/AAT:mapping=tex-text;!
Missing character: There is no 例 (U+4F8B) in font Helvetica Neue/AAT:mapping=tex-text;!
Missing character: There is no 图 (U+56FE) in font Helvetica Neue/AAT:mapping=tex-text;!
Missing character: There is no 来 (U+6765) in font Helvetica Neue/AAT:mapping=tex-text;!
Missing character: There is no 自 (U+81EA) in font Helvetica Neue/AAT:mapping=tex-text;!
Missing character: There is no 网 (U+7F51) in font Helvetica Neue/AAT:mapping=tex-text;!
Missing character: There is no 站 (U+7AD9) in font Helvetica Neue/AAT:mapping=tex-text;!
Missing character: There is no 已 (U+5DF2) in font Helvetica Neue/AAT:mapping=tex-text;!
Missing character: There is no 有 (U+6709) in font Helvetica Neue/AAT:mapping=tex-text;!
Missing character: There is no 的 (U+7684) in font Helvetica Neue/AAT:mapping=tex-text;!
Missing character: There is no 研 (U+7814) in font Helvetica Neue/AAT:mapping=tex-text;!
Missing character: There is no 究 (U+7A76) in font Helvetica Neue/AAT:mapping=tex-text;!
Missing character: There is no 图 (U+56FE) in font Helvetica Neue/AAT:mapping=tex-text;!
Missing character: There is no 片 (U+7247) in font Helvetica Neue/AAT:mapping=tex-text;!
Missing character: There is no 。 (U+3002) in font Helvetica Neue/AAT:mapping=tex-text;!

LaTeX Warning: File `figure.jpg' not found on input line 55.

./index.tex:55: Unable to load picture or PDF file 'figure.jpg'.
<to be read again> 
                   }
l.55 \includegraphics{figure.jpg}
                                 
The requested image couldn't be read because
it was not a recognized image format.

File: figure.jpg Graphic file (type bmp)
<figure.jpg>
Missing character: There is no 表 (U+8868) in font Helvetica Neue Bold/AAT:mapping=tex-text;!
Missing character: There is no 格 (U+683C) in font Helvetica Neue Bold/AAT:mapping=tex-text;!
Missing character: There is no 与 (U+4E0E) in font Helvetica Neue Bold/AAT:mapping=tex-text;!
Missing character: There is no 引 (U+5F15) in font Helvetica Neue Bold/AAT:mapping=tex-text;!
Missing character: There is no 用 (U+7528) in font Helvetica Neue Bold/AAT:mapping=tex-text;!
LaTeX Font Info:    External font `cmex10' loaded for size
(Font)              <12> on input line 59.
LaTeX Font Info:    External font `cmex10' loaded for size
(Font)              <8> on input line 59.
LaTeX Font Info:    External font `cmex10' loaded for size
(Font)              <6> on input line 59.
Missing character: There is no 符 (U+7B26) in font Helvetica Neue/AAT:mapping=tex-text;!
Missing character: There is no 号 (U+53F7) in font Helvetica Neue/AAT:mapping=tex-text;!
Missing character: There is no 含 (U+542B) in font Helvetica Neue/AAT:mapping=tex-text;!
Missing character: There is no 义 (U+4E49) in font Helvetica Neue/AAT:mapping=tex-text;!
Missing character: There is no 变 (U+53D8) in font Helvetica Neue/AAT:mapping=tex-text;!
Missing character: There is no 形 (U+5F62) in font Helvetica Neue/AAT:mapping=tex-text;!
Missing character: There is no 梯 (U+68AF) in font Helvetica Neue/AAT:mapping=tex-text;!
Missing character: There is no 度 (U+5EA6) in font Helvetica Neue/AAT:mapping=tex-text;!
Missing character: There is no 体 (U+4F53) in font Helvetica Neue/AAT:mapping=tex-text;!
Missing character: There is no 积 (U+79EF) in font Helvetica Neue/AAT:mapping=tex-text;!
Missing character: There is no 比 (U+6BD4) in font Helvetica Neue/AAT:mapping=tex-text;!
Missing character: There is no 可 (U+53EF) in font Helvetica Neue/AAT:mapping=tex-text;!
Missing character: There is no 以 (U+4EE5) in font Helvetica Neue/AAT:mapping=tex-text;!
Missing character: There is no 在 (U+5728) in font Helvetica Neue/AAT:mapping=tex-text;!
Missing character: There is no 这 (U+8FD9) in font Helvetica Neue/AAT:mapping=tex-text;!
Missing character: There is no 里 (U+91CC) in font Helvetica Neue/AAT:mapping=tex-text;!
Missing character: There is no 摘 (U+6458) in font Helvetica Neue/AAT:mapping=tex-text;!
Missing character: There is no 记 (U+8BB0) in font Helvetica Neue/AAT:mapping=tex-text;!
Missing character: There is no 阅 (U+9605) in font Helvetica Neue/AAT:mapping=tex-text;!
Missing character: There is no 读 (U+8BFB) in font Helvetica Neue/AAT:mapping=tex-text;!
Missing character: There is no 时 (U+65F6) in font Helvetica Neue/AAT:mapping=tex-text;!
Missing character: There is no 的 (U+7684) in font Helvetica Neue/AAT:mapping=tex-text;!
Missing character: There is no 问 (U+95EE) in font Helvetica Neue/AAT:mapping=tex-text;!
Missing character: There is no 题 (U+9898) in font Helvetica Neue/AAT:mapping=tex-text;!
Missing character: There is no 、 (U+3001) in font Helvetica Neue/AAT:mapping=tex-text;!
Missing character: There is no 假 (U+5047) in font Helvetica Neue/AAT:mapping=tex-text;!
Missing character: There is no 设 (U+8BBE) in font Helvetica Neue/AAT:mapping=tex-text;!
Missing character: There is no 和 (U+548C) in font Helvetica Neue/AAT:mapping=tex-text;!
Missing character: There is no 待 (U+5F85) in font Helvetica Neue/AAT:mapping=tex-text;!
Missing character: There is no 验 (U+9A8C) in font Helvetica Neue/AAT:mapping=tex-text;!
Missing character: There is no 证 (U+8BC1) in font Helvetica Neue/AAT:mapping=tex-text;!
Missing character: There is no 的 (U+7684) in font Helvetica Neue/AAT:mapping=tex-text;!
Missing character: There is no 想 (U+60F3) in font Helvetica Neue/AAT:mapping=tex-text;!
Missing character: There is no 法 (U+6CD5) in font Helvetica Neue/AAT:mapping=tex-text;!
Missing character: There is no 。 (U+3002) in font Helvetica Neue/AAT:mapping=tex-text;!
Missing character: There is no 保 (U+4FDD) in font Helvetica Neue/AAT:mapping=tex-text;!
Missing character: There is no 存 (U+5B58) in font Helvetica Neue/AAT:mapping=tex-text;!
Missing character: There is no 文 (U+6587) in font Helvetica Neue/AAT:mapping=tex-text;!
Missing character: There is no 件 (U+4EF6) in font Helvetica Neue/AAT:mapping=tex-text;!
Missing character: There is no 后 (U+540E) in font Helvetica Neue/AAT:mapping=tex-text;!
Missing character: There is no ， (U+FF0C) in font Helvetica Neue/AAT:mapping=tex-text;!
Missing character: There is no 本 (U+672C) in font Helvetica Neue/AAT:mapping=tex-text;!
Missing character: There is no 地 (U+5730) in font Helvetica Neue/AAT:mapping=tex-text;!
Missing character: There is no 网 (U+7F51) in font Helvetica Neue/AAT:mapping=tex-text;!
Missing character: There is no 站 (U+7AD9) in font Helvetica Neue/AAT:mapping=tex-text;!
Missing character: There is no 预 (U+9884) in font Helvetica Neue/AAT:mapping=tex-text;!
Missing character: There is no 览 (U+89C8) in font Helvetica Neue/AAT:mapping=tex-text;!
Missing character: There is no 会 (U+4F1A) in font Helvetica Neue/AAT:mapping=tex-text;!
Missing character: There is no 自 (U+81EA) in font Helvetica Neue/AAT:mapping=tex-text;!
Missing character: There is no 动 (U+52A8) in font Helvetica Neue/AAT:mapping=tex-text;!
Missing character: There is no 刷 (U+5237) in font Helvetica Neue/AAT:mapping=tex-text;!
Missing character: There is no 新 (U+65B0) in font Helvetica Neue/AAT:mapping=tex-text;!
Missing character: There is no 。 (U+3002) in font Helvetica Neue/AAT:mapping=tex-text;!
Missing character: There is no 正 (U+6B63) in font Helvetica Neue/AAT:mapping=tex-text;!
Missing character: There is no 式 (U+5F0F) in font Helvetica Neue/AAT:mapping=tex-text;!
Missing character: There is no 文 (U+6587) in font Helvetica Neue/AAT:mapping=tex-text;!
Missing character: There is no 章 (U+7AE0) in font Helvetica Neue/AAT:mapping=tex-text;!
Missing character: There is no 写 (U+5199) in font Helvetica Neue/AAT:mapping=tex-text;!
Missing character: There is no 好 (U+597D) in font Helvetica Neue/AAT:mapping=tex-text;!
Missing character: There is no 后 (U+540E) in font Helvetica Neue/AAT:mapping=tex-text;!
Missing character: There is no ， (U+FF0C) in font Helvetica Neue/AAT:mapping=tex-text;!
Missing character: There is no 将 (U+5C06) in font Helvetica Neue/AAT:mapping=tex-text;!
Missing character: There is no 文 (U+6587) in font Helvetica Neue/AAT:mapping=tex-text;!
Missing character: There is no 件 (U+4EF6) in font Helvetica Neue/AAT:mapping=tex-text;!
Missing character: There is no 顶 (U+9876) in font Helvetica Neue/AAT:mapping=tex-text;!
Missing character: There is no 部 (U+90E8) in font Helvetica Neue/AAT:mapping=tex-text;!
Missing character: There is no 的 (U+7684) in font Helvetica Neue/AAT:mapping=tex-text;!
Missing character: There is no 改 (U+6539) in font Helvetica Neue/AAT:mapping=tex-text;!
Missing character: There is no 为 (U+4E3A) in font Helvetica Neue/AAT:mapping=tex-text;!
Missing character: There is no 。 (U+3002) in font Helvetica Neue/AAT:mapping=tex-text;!

Overfull \hbox (5.27512pt too wide) in paragraph at lines 68--69
[]\TU/HelveticaNeue(0)/m/n/12 保存文件后，本地网站预览会自动刷新。正式文章写好后，将文件顶部的 \TU/lmtt/m/n/12 draft \TU/HelveticaNeue(0)/m/n/12 改为 \TU/lmtt/m/n/12 false\TU/HelveticaNeue(0)/m/n/12 。 
 []

[1

] [2] (/Users/chongran/Chongran-Zhao.github.io/notes/ENGN2210-01/.texpadtmp/index.aux)
 ***********
LaTeX2e <2025-11-01>
L3 programming layer <2026-01-19>
 ***********
Package rerunfilecheck Info: File `index.out' has not changed.
(rerunfilecheck)             Checksum: D41D8CD98F00B204E9800998ECF8427E;0.
 ) 
Here is how much of TeX's memory you used:
 11019 strings out of 468168
 222167 string characters out of 5432815
 673357 words of memory out of 5000000
 39641 multiletter control sequences out of 15000+600000
 630977 words of font info for 70 fonts, out of 8000000 for 9000
 1348 hyphenation exceptions out of 8191
 73i,5n,79p,254b,326s stack positions out of 10000i,1000n,20000p,200000b,200000s

Error 256 (driver return code) generating output;
file /Users/chongran/Chongran-Zhao.github.io/notes/ENGN2210-01/.texpadtmp/index.pdf may not be valid.
